\BOOKMARK [1][-]{section.1}{\376\377\000P\000r\000o\000d\000u\000c\000t\000\040\000V\000i\000s\000i\000o\000n}{}% 1
\BOOKMARK [2][-]{subsection.1.1}{\376\377\006\251\006\047\006\061\006\050\006\061\006\047\006\106\000\040\006\107\006\057\006\101}{section.1}% 2
\BOOKMARK [2][-]{subsection.1.2}{\376\377\006\105\006\071\006\314\006\047\006\061\006\107\006\047\006\314\000\040\006\251\006\104\006\314\006\057\006\314\000\040\006\071\006\105\006\104\006\251\006\061\006\057}{section.1}% 3
\BOOKMARK [1][-]{section.2}{\376\377\000R\000i\000s\000k\000\040\000M\000i\000t\000i\000g\000a\000t\000i\000o\000n\000\040\000A\000n\000a\000l\000y\000s\000i\000s}{}% 4
\BOOKMARK [2][-]{subsection.2.1}{\376\377\006\061\006\314\006\063\006\251\000\040\006\047\006\110\006\104\000\040\000F\000l\000a\000s\000h\000\040\000T\000r\000a\000f\000f\000i\000c\000\040\000S\000p\000i\000k\000e\000s}{section.2}% 5
\BOOKMARK [2][-]{subsection.2.2}{\376\377\006\061\006\314\006\063\006\251\000\040\006\057\006\110\006\105\000\040\000R\000a\000c\000e\000\040\000C\000o\000n\000d\000i\000t\000i\000o\000n\000s}{section.2}% 6
\BOOKMARK [2][-]{subsection.2.3}{\376\377\006\061\006\314\006\063\006\251\000\040\006\063\006\110\006\105\000\040\000P\000a\000y\000m\000e\000n\000t\000\040\000G\000a\000t\000e\000w\000a\000y\000\040\000T\000i\000m\000e\000o\000u\000t}{section.2}% 7
\BOOKMARK [2][-]{subsection.2.4}{\376\377\006\061\006\314\006\063\006\251\000\040\006\206\006\107\006\047\006\061\006\105\000\040\000N\000e\000t\000w\000o\000r\000k\000\040\000P\000a\000r\000t\000i\000t\000i\000o\000n\000i\000n\000g}{section.2}% 8
\BOOKMARK [1][-]{section.3}{\376\377\000D\000i\000a\000g\000r\000a\000m\000s}{}% 9
\BOOKMARK [2][-]{subsection.3.1}{\376\377\000U\000s\000e\000\040\000C\000a\000s\000e\000\040\000D\000i\000a\000g\000r\000a\000m}{section.3}% 10
\BOOKMARK [3][-]{subsubsection.3.1.1}{\376\377\006\052\006\055\006\104\006\314\006\104\000\040\006\047\006\251\006\052\006\061\006\107\006\047}{subsection.3.1}% 11
\BOOKMARK [3][-]{subsubsection.3.1.2}{\376\377\006\052\006\055\006\104\006\314\006\104\000\040\006\061\006\110\006\047\006\050\006\067}{subsection.3.1}% 12
\BOOKMARK [2][-]{subsection.3.2}{\376\377\000S\000e\000q\000u\000e\000n\000c\000e\000\040\000D\000i\000a\000g\000r\000a\000m}{section.3}% 13
\BOOKMARK [3][-]{subsubsection.3.2.1}{\376\377\006\052\006\055\006\104\006\314\006\104\000\040\006\054\006\061\006\314\006\047\006\106\000\040\006\047\006\065\006\104\006\314}{subsection.3.2}% 14
\BOOKMARK [3][-]{subsubsection.3.2.2}{\376\377\006\052\006\055\006\104\006\314\006\104\000\040\006\063\006\106\006\047\006\061\006\314\006\110\006\107\006\047}{subsection.3.2}% 15
\BOOKMARK [2][-]{subsection.3.3}{\376\377\000D\000e\000p\000l\000o\000y\000m\000e\000n\000t\000\040\000D\000i\000a\000g\000r\000a\000m}{section.3}% 16
\BOOKMARK [3][-]{subsubsection.3.3.1}{\376\377\006\052\006\055\006\104\006\314\006\104\000\040\006\104\006\047\006\314\006\107\040\014\006\107\006\047}{subsection.3.3}% 17
\BOOKMARK [3][-]{subsubsection.3.3.2}{\376\377\006\052\006\055\006\104\006\314\006\104\000\040\006\047\006\061\006\052\006\050\006\047\006\067\006\047\006\052}{subsection.3.3}% 18
\BOOKMARK [2][-]{subsection.3.4}{\376\377\000C\000o\000m\000p\000o\000n\000e\000n\000t\000\040\000D\000i\000a\000g\000r\000a\000m}{section.3}% 19
\BOOKMARK [3][-]{subsubsection.3.4.1}{\376\377\006\052\006\055\006\104\006\314\006\104\000\040\006\104\006\047\006\314\006\107\040\014\006\107\006\047}{subsection.3.4}% 20
\BOOKMARK [3][-]{subsubsection.3.4.2}{\376\377\006\052\006\055\006\104\006\314\006\104\000\040\006\052\006\071\006\047\006\105\006\104\006\047\006\052\000\040\006\061\006\110\006\314\006\057\006\047\006\057\006\105\006\055\006\110\006\061}{subsection.3.4}% 21
\BOOKMARK [2][-]{subsection.3.5}{\376\377\000C\000l\000a\000s\000s\000\040\000D\000i\000a\000g\000r\000a\000m}{section.3}% 22
\BOOKMARK [3][-]{subsubsection.3.5.1}{\376\377\006\052\006\055\006\104\006\314\006\104\000\040\006\251\006\104\006\047\006\063\040\014\006\107\006\047}{subsection.3.5}% 23
\BOOKMARK [3][-]{subsubsection.3.5.2}{\376\377\006\052\006\055\006\104\006\314\006\104\000\040\000E\000n\000u\000m\000e\000r\000a\000t\000i\000o\000n\000s}{subsection.3.5}% 24
\BOOKMARK [2][-]{subsection.3.6}{\376\377\000A\000c\000t\000i\000v\000i\000t\000y\000\040\000D\000i\000a\000g\000r\000a\000m}{section.3}% 25
\BOOKMARK [3][-]{subsubsection.3.6.1}{\376\377\006\052\006\055\006\104\006\314\006\104\000\040\006\054\006\061\006\314\006\047\006\106\000\040\006\047\006\106\006\052\006\056\006\047\006\050\000\040\006\065\006\106\006\057\006\104\006\314}{subsection.3.6}% 26
\BOOKMARK [3][-]{subsubsection.3.6.2}{\376\377\006\052\006\055\006\104\006\314\006\104\000\040\006\054\006\061\006\314\006\047\006\106\000\040\006\176\006\061\006\057\006\047\006\056\006\052}{subsection.3.6}% 27
\BOOKMARK [1][-]{section.4}{\376\377\006\062\006\314\006\061\006\063\006\047\006\056\006\052\000\040\006\050\006\107\000\040\006\071\006\106\006\110\006\047\006\106\000\040\006\251\006\057\000\040\000I\000n\000f\000r\000a\000s\000t\000r\000u\000c\000t\000u\000r\000e\000\040\000a\000s\000\040\000C\000o\000d\000e}{}% 28
\BOOKMARK [2][-]{subsection.4.1}{\376\377\006\052\006\055\006\104\006\314\006\104\000\040\006\105\006\106\006\047\006\050\006\071\000\040\006\047\006\050\006\061\006\314\000\040\006\052\006\056\006\065\006\314\006\065\040\014\006\314\006\047\006\101\006\052\006\107}{section.4}% 29
\BOOKMARK [1][-]{section.5}{\376\377\006\105\006\057\006\314\006\061\006\314\006\052\000\040\006\206\006\061\006\056\006\107\000\040\006\055\006\314\006\047\006\052\000\040\006\206\006\047\006\050\006\251\000\040\006\110\000\040\006\052\006\066\006\105\006\314\006\106\000\040\006\251\006\314\006\101\006\314\006\052}{}% 30
\BOOKMARK [2][-]{subsection.5.1}{\376\377\006\063\006\047\006\056\006\052\006\047\006\061\000\040\006\064\006\251\006\063\006\052\000\040\006\251\006\047\006\061\000\040\006\110\000\040\006\071\006\105\006\104\006\314\006\047\006\052\000\040\006\206\006\047\006\050\006\251}{section.5}% 31
\BOOKMARK [2][-]{subsection.5.2}{\376\377\006\047\006\063\006\052\006\061\006\047\006\052\006\230\006\314\000\040\006\052\006\066\006\105\006\314\006\106\000\040\006\251\006\314\006\101\006\314\006\052\000\040\006\110\000\040\006\052\006\063\006\052\000\040\006\314\006\251\006\176\006\047\006\061\006\206\006\257\006\314}{section.5}% 32
\BOOKMARK [1][-]{section.6}{\376\377\006\063\006\061\006\110\006\314\006\063\040\014\006\107\006\047\006\314\000\040\006\052\006\110\006\062\006\314\006\071\040\014\006\064\006\057\006\107\000\040\006\047\006\063\006\052\006\102\006\061\006\047\006\061\000\040\006\071\006\105\006\104\006\314\006\047\006\052\006\314\000\040\006\110\000\040\006\105\006\057\006\314\006\061\006\314\006\052\000\040\006\055\006\110\006\047\006\057\006\053}{}% 33
\BOOKMARK [2][-]{subsection.6.1}{\376\377\006\105\006\061\006\062\006\050\006\106\006\057\006\314\000\040\006\063\006\061\006\110\006\314\006\063\040\014\006\107\006\047\000\040\006\050\006\061\000\040\006\047\006\063\006\047\006\063\000\040\006\067\006\061\006\047\006\055\006\314\000\040\006\105\006\050\006\052\006\106\006\314\000\040\006\050\006\061\000\040\006\057\006\047\006\105\006\106\006\107}{section.6}% 34
\BOOKMARK [2][-]{subsection.6.2}{\376\377\006\106\006\070\006\047\006\061\006\052\000\040\006\071\006\105\006\104\006\314\006\047\006\052\006\314\000\040\006\110\000\040\006\047\006\061\006\052\006\050\006\047\006\067\006\047\006\052\000\040\006\072\006\314\006\061\006\107\006\105\006\062\006\105\006\047\006\106}{section.6}% 35
\BOOKMARK [2][-]{subsection.6.3}{\376\377\006\257\006\062\006\047\006\061\006\064\000\040\006\251\006\047\006\104\006\050\006\057\006\064\006\251\006\047\006\101\006\314\000\040\006\102\006\067\006\071\006\314\040\014\006\107\006\047\000\040\000I\000n\000c\000i\000d\000e\000n\000t\000\040\000P\000o\000s\000t\000m\000o\000r\000t\000e\000m\000s}{section.6}% 36
\BOOKMARK [1][-]{section.7}{\376\377\006\067\006\061\006\047\006\055\006\314\000\040\006\110\000\040\006\052\006\102\006\063\006\314\006\105\040\014\006\050\006\106\006\057\006\314\000\040\006\105\006\314\006\251\006\061\006\110\006\063\006\061\006\110\006\314\006\063\040\014\006\107\006\047}{}% 37
